---
# Source: hello-world/templates/portworx-storagecluster.yaml